// Jest Snapshot v1, https://goo.gl/fbAQLP

exports[`LanguagePick must return the component template 1`] = `
<button
  aria-describedby="test_id"
  class="Button LanguagePick test_class"
  data-testid="language_pick"
  type="button"
>
  en
</button>
`;
