// Jest Snapshot v1, https://goo.gl/fbAQLP

exports[`Card must return the component template 1`] = `
<div
  class="Card"
  data-testid="card"
>
  children
</div>
`;
