// Jest Snapshot v1, https://goo.gl/fbAQLP

exports[`Typography must return the component template 1`] = `
<p
  class="Typography temp_class"
  data-testid="typography"
>
  children
</p>
`;
