// Jest Snapshot v1, https://goo.gl/fbAQLP

exports[`Button_rounded must return the component template 1`] = `
<button
  class="Button Button_rounded"
  data-testid="button"
  type="button"
>
  children
</button>
`;
