// Jest Snapshot v1, https://goo.gl/fbAQLP

exports[`Button_disabled must return the component template 1`] = `
<button
  class="Button Button_disabled"
  data-testid="button"
  disabled=""
  type="button"
>
  children
</button>
`;
