// Jest Snapshot v1, https://goo.gl/fbAQLP

exports[`Button must return the component template 1`] = `
<button
  class="Button temp_class"
  data-testid="button"
  id="button_id"
  type="button"
/>
`;
