// Jest Snapshot v1, https://goo.gl/fbAQLP

exports[`Container component template 1`] = `
<div
  class="Container"
  data-testid="container"
/>
`;
