// Jest Snapshot v1, https://goo.gl/fbAQLP

exports[`Badge component template 1`] = `"SPAN"`;
